// Vitest Snapshot v1, https://vitest.dev/guide/snapshot.html

exports[`DebugVoucherStepDrawer testing > should match snapshot 1`] = `
<body>
  <div>
    <div
      class="css-1p5q5e5-MuiStack-root"
    >
      <div
        class="css-3y1137-MuiStack-root"
      >
        <p
          class="MuiTypography-root MuiTypography-body2 css-e784if-MuiTypography-root"
        >
          stepDrawer.stepResultLabel
        </p>
        <div
          class="MuiChip-root MuiChip-filled MuiChip-sizeSmall MuiChip-colorError MuiChip-filledError css-lwe8th-MuiChip-root"
        >
          <span
            class="MuiChip-label MuiChip-labelSmall css-wjsjww-MuiChip-label"
          >
            chipLabel.failed
          </span>
        </div>
      </div>
      <ul
        class="MuiList-root MuiList-padding css-ippg2v-MuiList-root"
      >
        <li
          class="MuiListItem-root MuiListItem-gutters MuiListItem-padding css-1gvuol5-MuiListItem-root"
        >
          <p
            class="MuiTypography-root MuiTypography-body2 css-e784if-MuiTypography-root"
          >
            errors.8001
          </p>
        </li>
        <li
          class="MuiListItem-root MuiListItem-gutters MuiListItem-padding css-1gvuol5-MuiListItem-root"
        >
          <p
            class="MuiTypography-root MuiTypography-body2 css-e784if-MuiTypography-root"
          >
            errors.8004
          </p>
        </li>
      </ul>
    </div>
  </div>
</body>
`;
