// Vitest Snapshot v1, https://vitest.dev/guide/snapshot.html

exports[`Checks that CatalogCard snapshot don't change > renders correctly agreement DRAFT 1`] = `
<body>
  <div>
    <div
      class="MuiPaper-root MuiPaper-elevation MuiPaper-rounded MuiPaper-elevation8 MuiCard-root css-1nel5pz-MuiPaper-root-MuiCard-root"
    >
      <div
        class="MuiCardHeader-root css-q0gjs9-MuiCardHeader-root"
      >
        <div
          class="MuiCardHeader-content css-1qbkelo-MuiCardHeader-content"
        >
          <div
            class="MuiStack-root css-kdc3n8-MuiStack-root"
          >
            <div
              class="MuiAvatar-root MuiAvatar-circular MuiAvatar-colorDefault css-ax6k3r-MuiAvatar-root"
            >
              <svg
                aria-hidden="true"
                class="MuiSvgIcon-root MuiSvgIcon-fontSizeSmall css-7p6gym-MuiSvgIcon-root"
                data-testid="AccountBalanceIcon"
                focusable="false"
                viewBox="0 0 24 24"
              >
                <path
                  d="M4 10h3v7H4zm6.5 0h3v7h-3zM2 19h20v3H2zm15-9h3v7h-3zm-5-9L2 6v2h20V6z"
                />
              </svg>
            </div>
            <span
              class="MuiTypography-root MuiTypography-caption css-ol7wxs-MuiTypography-root"
            >
              Agenzia per L'Italia Digitale
            </span>
          </div>
        </div>
      </div>
      <div
        class="MuiCardContent-root css-mcflu5-MuiCardContent-root"
      >
        <h6
          class="MuiTypography-root MuiTypography-h6 css-mql35v-MuiTypography-root"
        >
          !! -- CAMMELLO -- Test 18/10 [1]
        </h6>
        <div
          class="MuiTypography-root MuiTypography-body1 css-1gqyz35-MuiTypography-root"
        >
          <p
            style="-webkit-line-clamp: 5; display: -webkit-box; overflow: hidden;"
          >
            lorem ipsum
          </p>
        </div>
      </div>
      <div
        class="MuiCardActions-root MuiCardActions-spacing css-17m1olt-MuiCardActions-root"
      >
        <div
          class="MuiStack-root css-pl8gqh-MuiStack-root"
        >
          <a
            class="MuiButtonBase-root MuiButton-root MuiButton-contained MuiButton-containedPrimary MuiButton-sizeSmall MuiButton-containedSizeSmall MuiButton-root MuiButton-contained MuiButton-containedPrimary MuiButton-sizeSmall MuiButton-containedSizeSmall css-11qr2p8-MuiButtonBase-root-MuiButton-root"
            href="/it/fruizione/catalogo-e-service/ad474d35-7939-4bee-bde9-4e469cca1030/e9762e42-129a-4b07-9b2e-9614998ef9b8"
            tabindex="0"
          >
            <span>
              actions.inspect
            </span>
            <span
              class="MuiTouchRipple-root css-8je8zh-MuiTouchRipple-root"
            />
          </a>
        </div>
      </div>
    </div>
  </div>
</body>
`;

exports[`Checks that CatalogCard snapshot don't change > renders correctly the skeleton 1`] = `
<body>
  <div>
    <span
      class="MuiSkeleton-root MuiSkeleton-rectangular MuiSkeleton-pulse css-x2pee1-MuiSkeleton-root"
      style="height: 410px;"
    />
  </div>
</body>
`;

exports[`Checks that CatalogCard snapshot don't change > renders correctly with isMine false and agreement ACTIVE 1`] = `
<body>
  <div>
    <div
      class="MuiPaper-root MuiPaper-elevation MuiPaper-rounded MuiPaper-elevation8 MuiCard-root css-1nel5pz-MuiPaper-root-MuiCard-root"
    >
      <div
        class="MuiCardHeader-root css-q0gjs9-MuiCardHeader-root"
      >
        <div
          class="MuiCardHeader-content css-1qbkelo-MuiCardHeader-content"
        >
          <div
            class="MuiStack-root css-kdc3n8-MuiStack-root"
          >
            <div
              class="MuiAvatar-root MuiAvatar-circular MuiAvatar-colorDefault css-ax6k3r-MuiAvatar-root"
            >
              <svg
                aria-hidden="true"
                class="MuiSvgIcon-root MuiSvgIcon-fontSizeSmall css-7p6gym-MuiSvgIcon-root"
                data-testid="AccountBalanceIcon"
                focusable="false"
                viewBox="0 0 24 24"
              >
                <path
                  d="M4 10h3v7H4zm6.5 0h3v7h-3zM2 19h20v3H2zm15-9h3v7h-3zm-5-9L2 6v2h20V6z"
                />
              </svg>
            </div>
            <span
              class="MuiTypography-root MuiTypography-caption css-ol7wxs-MuiTypography-root"
            >
              Agenzia per L'Italia Digitale
            </span>
          </div>
        </div>
      </div>
      <div
        class="MuiCardContent-root css-mcflu5-MuiCardContent-root"
      >
        <h6
          class="MuiTypography-root MuiTypography-h6 css-mql35v-MuiTypography-root"
        >
          !! -- CAMMELLO -- Test 18/10 [1]
        </h6>
        <div
          class="MuiTypography-root MuiTypography-body1 css-1gqyz35-MuiTypography-root"
        >
          <p
            style="-webkit-line-clamp: 5; display: -webkit-box; overflow: hidden;"
          >
            lorem ipsum
          </p>
        </div>
      </div>
      <div
        class="MuiCardActions-root MuiCardActions-spacing css-17m1olt-MuiCardActions-root"
      >
        <div
          class="MuiStack-root css-pl8gqh-MuiStack-root"
        >
          <a
            class="MuiButtonBase-root MuiButton-root MuiButton-contained MuiButton-containedPrimary MuiButton-sizeSmall MuiButton-containedSizeSmall MuiButton-root MuiButton-contained MuiButton-containedPrimary MuiButton-sizeSmall MuiButton-containedSizeSmall css-11qr2p8-MuiButtonBase-root-MuiButton-root"
            href="/it/fruizione/catalogo-e-service/ad474d35-7939-4bee-bde9-4e469cca1030/e9762e42-129a-4b07-9b2e-9614998ef9b8"
            tabindex="0"
          >
            <span>
              actions.inspect
            </span>
            <span
              class="MuiTouchRipple-root css-8je8zh-MuiTouchRipple-root"
            />
          </a>
        </div>
      </div>
    </div>
  </div>
</body>
`;

exports[`Checks that CatalogCard snapshot don't change > renders correctly with isMine false and hasCertifiedAttributes false 1`] = `
<body>
  <div>
    <div
      class="MuiPaper-root MuiPaper-elevation MuiPaper-rounded MuiPaper-elevation8 MuiCard-root css-1nel5pz-MuiPaper-root-MuiCard-root"
    >
      <div
        class="MuiCardHeader-root css-q0gjs9-MuiCardHeader-root"
      >
        <div
          class="MuiCardHeader-content css-1qbkelo-MuiCardHeader-content"
        >
          <div
            class="MuiStack-root css-kdc3n8-MuiStack-root"
          >
            <div
              class="MuiAvatar-root MuiAvatar-circular MuiAvatar-colorDefault css-ax6k3r-MuiAvatar-root"
            >
              <svg
                aria-hidden="true"
                class="MuiSvgIcon-root MuiSvgIcon-fontSizeSmall css-7p6gym-MuiSvgIcon-root"
                data-testid="AccountBalanceIcon"
                focusable="false"
                viewBox="0 0 24 24"
              >
                <path
                  d="M4 10h3v7H4zm6.5 0h3v7h-3zM2 19h20v3H2zm15-9h3v7h-3zm-5-9L2 6v2h20V6z"
                />
              </svg>
            </div>
            <span
              class="MuiTypography-root MuiTypography-caption css-ol7wxs-MuiTypography-root"
            >
              Agenzia per L'Italia Digitale
            </span>
          </div>
        </div>
      </div>
      <div
        class="MuiCardContent-root css-mcflu5-MuiCardContent-root"
      >
        <h6
          class="MuiTypography-root MuiTypography-h6 css-mql35v-MuiTypography-root"
        >
          !! -- CAMMELLO -- Test 18/10 [1]
        </h6>
        <div
          class="MuiTypography-root MuiTypography-body1 css-1gqyz35-MuiTypography-root"
        >
          <p
            style="-webkit-line-clamp: 5; display: -webkit-box; overflow: hidden;"
          >
            lorem ipsum
          </p>
        </div>
      </div>
      <div
        class="MuiCardActions-root MuiCardActions-spacing css-17m1olt-MuiCardActions-root"
      >
        <div
          class="MuiStack-root css-pl8gqh-MuiStack-root"
        >
          <a
            class="MuiButtonBase-root MuiButton-root MuiButton-contained MuiButton-containedPrimary MuiButton-sizeSmall MuiButton-containedSizeSmall MuiButton-root MuiButton-contained MuiButton-containedPrimary MuiButton-sizeSmall MuiButton-containedSizeSmall css-11qr2p8-MuiButtonBase-root-MuiButton-root"
            href="/it/fruizione/catalogo-e-service/ad474d35-7939-4bee-bde9-4e469cca1030/e9762e42-129a-4b07-9b2e-9614998ef9b8"
            tabindex="0"
          >
            <span>
              actions.inspect
            </span>
            <span
              class="MuiTouchRipple-root css-8je8zh-MuiTouchRipple-root"
            />
          </a>
        </div>
      </div>
    </div>
  </div>
</body>
`;

exports[`Checks that CatalogCard snapshot don't change > renders correctly with isMine false and hasCertifiedAttributes true 1`] = `
<body>
  <div>
    <div
      class="MuiPaper-root MuiPaper-elevation MuiPaper-rounded MuiPaper-elevation8 MuiCard-root css-1nel5pz-MuiPaper-root-MuiCard-root"
    >
      <div
        class="MuiCardHeader-root css-q0gjs9-MuiCardHeader-root"
      >
        <div
          class="MuiCardHeader-content css-1qbkelo-MuiCardHeader-content"
        >
          <div
            class="MuiStack-root css-kdc3n8-MuiStack-root"
          >
            <div
              class="MuiAvatar-root MuiAvatar-circular MuiAvatar-colorDefault css-ax6k3r-MuiAvatar-root"
            >
              <svg
                aria-hidden="true"
                class="MuiSvgIcon-root MuiSvgIcon-fontSizeSmall css-7p6gym-MuiSvgIcon-root"
                data-testid="AccountBalanceIcon"
                focusable="false"
                viewBox="0 0 24 24"
              >
                <path
                  d="M4 10h3v7H4zm6.5 0h3v7h-3zM2 19h20v3H2zm15-9h3v7h-3zm-5-9L2 6v2h20V6z"
                />
              </svg>
            </div>
            <span
              class="MuiTypography-root MuiTypography-caption css-ol7wxs-MuiTypography-root"
            >
              Agenzia per L'Italia Digitale
            </span>
          </div>
        </div>
      </div>
      <div
        class="MuiCardContent-root css-mcflu5-MuiCardContent-root"
      >
        <h6
          class="MuiTypography-root MuiTypography-h6 css-mql35v-MuiTypography-root"
        >
          !! -- CAMMELLO -- Test 18/10 [1]
        </h6>
        <div
          class="MuiTypography-root MuiTypography-body1 css-1gqyz35-MuiTypography-root"
        >
          <p
            style="-webkit-line-clamp: 5; display: -webkit-box; overflow: hidden;"
          >
            lorem ipsum
          </p>
        </div>
      </div>
      <div
        class="MuiCardActions-root MuiCardActions-spacing css-17m1olt-MuiCardActions-root"
      >
        <div
          class="MuiStack-root css-pl8gqh-MuiStack-root"
        >
          <a
            class="MuiButtonBase-root MuiButton-root MuiButton-contained MuiButton-containedPrimary MuiButton-sizeSmall MuiButton-containedSizeSmall MuiButton-root MuiButton-contained MuiButton-containedPrimary MuiButton-sizeSmall MuiButton-containedSizeSmall css-11qr2p8-MuiButtonBase-root-MuiButton-root"
            href="/it/fruizione/catalogo-e-service/ad474d35-7939-4bee-bde9-4e469cca1030/e9762e42-129a-4b07-9b2e-9614998ef9b8"
            tabindex="0"
          >
            <span>
              actions.inspect
            </span>
            <span
              class="MuiTouchRipple-root css-8je8zh-MuiTouchRipple-root"
            />
          </a>
        </div>
      </div>
    </div>
  </div>
</body>
`;

exports[`Checks that CatalogCard snapshot don't change > renders correctly with isMine true and agreement ACTIVE 1`] = `
<body>
  <div>
    <div
      class="MuiPaper-root MuiPaper-elevation MuiPaper-rounded MuiPaper-elevation8 MuiCard-root css-1nel5pz-MuiPaper-root-MuiCard-root"
    >
      <div
        class="MuiCardHeader-root css-q0gjs9-MuiCardHeader-root"
      >
        <div
          class="MuiCardHeader-content css-1qbkelo-MuiCardHeader-content"
        >
          <div
            class="MuiStack-root css-kdc3n8-MuiStack-root"
          >
            <div
              class="MuiAvatar-root MuiAvatar-circular MuiAvatar-colorDefault css-ax6k3r-MuiAvatar-root"
            >
              <svg
                aria-hidden="true"
                class="MuiSvgIcon-root MuiSvgIcon-fontSizeSmall css-7p6gym-MuiSvgIcon-root"
                data-testid="AccountBalanceIcon"
                focusable="false"
                viewBox="0 0 24 24"
              >
                <path
                  d="M4 10h3v7H4zm6.5 0h3v7h-3zM2 19h20v3H2zm15-9h3v7h-3zm-5-9L2 6v2h20V6z"
                />
              </svg>
            </div>
            <span
              class="MuiTypography-root MuiTypography-caption css-ol7wxs-MuiTypography-root"
            >
              Agenzia per L'Italia Digitale
            </span>
          </div>
        </div>
      </div>
      <div
        class="MuiCardContent-root css-mcflu5-MuiCardContent-root"
      >
        <h6
          class="MuiTypography-root MuiTypography-h6 css-mql35v-MuiTypography-root"
        >
          !! -- CAMMELLO -- Test 18/10 [1]
        </h6>
        <div
          class="MuiTypography-root MuiTypography-body1 css-1gqyz35-MuiTypography-root"
        >
          <p
            style="-webkit-line-clamp: 5; display: -webkit-box; overflow: hidden;"
          >
            lorem ipsum
          </p>
        </div>
      </div>
      <div
        class="MuiCardActions-root MuiCardActions-spacing css-17m1olt-MuiCardActions-root"
      >
        <div
          class="MuiStack-root css-pl8gqh-MuiStack-root"
        >
          <a
            class="MuiButtonBase-root MuiButton-root MuiButton-contained MuiButton-containedPrimary MuiButton-sizeSmall MuiButton-containedSizeSmall MuiButton-root MuiButton-contained MuiButton-containedPrimary MuiButton-sizeSmall MuiButton-containedSizeSmall css-11qr2p8-MuiButtonBase-root-MuiButton-root"
            href="/it/fruizione/catalogo-e-service/ad474d35-7939-4bee-bde9-4e469cca1030/e9762e42-129a-4b07-9b2e-9614998ef9b8"
            tabindex="0"
          >
            <span>
              actions.inspect
            </span>
            <span
              class="MuiTouchRipple-root css-8je8zh-MuiTouchRipple-root"
            />
          </a>
        </div>
      </div>
    </div>
  </div>
</body>
`;

exports[`Checks that CatalogCard snapshot don't change > renders correctly with isMine true and hasCertifiedAttributes true 1`] = `
<body>
  <div>
    <div
      class="MuiPaper-root MuiPaper-elevation MuiPaper-rounded MuiPaper-elevation8 MuiCard-root css-1nel5pz-MuiPaper-root-MuiCard-root"
    >
      <div
        class="MuiCardHeader-root css-q0gjs9-MuiCardHeader-root"
      >
        <div
          class="MuiCardHeader-content css-1qbkelo-MuiCardHeader-content"
        >
          <div
            class="MuiStack-root css-kdc3n8-MuiStack-root"
          >
            <div
              class="MuiAvatar-root MuiAvatar-circular MuiAvatar-colorDefault css-ax6k3r-MuiAvatar-root"
            >
              <svg
                aria-hidden="true"
                class="MuiSvgIcon-root MuiSvgIcon-fontSizeSmall css-7p6gym-MuiSvgIcon-root"
                data-testid="AccountBalanceIcon"
                focusable="false"
                viewBox="0 0 24 24"
              >
                <path
                  d="M4 10h3v7H4zm6.5 0h3v7h-3zM2 19h20v3H2zm15-9h3v7h-3zm-5-9L2 6v2h20V6z"
                />
              </svg>
            </div>
            <span
              class="MuiTypography-root MuiTypography-caption css-ol7wxs-MuiTypography-root"
            >
              Agenzia per L'Italia Digitale
            </span>
          </div>
        </div>
      </div>
      <div
        class="MuiCardContent-root css-mcflu5-MuiCardContent-root"
      >
        <h6
          class="MuiTypography-root MuiTypography-h6 css-mql35v-MuiTypography-root"
        >
          !! -- CAMMELLO -- Test 18/10 [1]
        </h6>
        <div
          class="MuiTypography-root MuiTypography-body1 css-1gqyz35-MuiTypography-root"
        >
          <p
            style="-webkit-line-clamp: 5; display: -webkit-box; overflow: hidden;"
          >
            lorem ipsum
          </p>
        </div>
      </div>
      <div
        class="MuiCardActions-root MuiCardActions-spacing css-17m1olt-MuiCardActions-root"
      >
        <div
          class="MuiStack-root css-pl8gqh-MuiStack-root"
        >
          <a
            class="MuiButtonBase-root MuiButton-root MuiButton-contained MuiButton-containedPrimary MuiButton-sizeSmall MuiButton-containedSizeSmall MuiButton-root MuiButton-contained MuiButton-containedPrimary MuiButton-sizeSmall MuiButton-containedSizeSmall css-11qr2p8-MuiButtonBase-root-MuiButton-root"
            href="/it/fruizione/catalogo-e-service/ad474d35-7939-4bee-bde9-4e469cca1030/e9762e42-129a-4b07-9b2e-9614998ef9b8"
            tabindex="0"
          >
            <span>
              actions.inspect
            </span>
            <span
              class="MuiTouchRipple-root css-8je8zh-MuiTouchRipple-root"
            />
          </a>
        </div>
      </div>
    </div>
  </div>
</body>
`;
