// Vitest Snapshot v1, https://vitest.dev/guide/snapshot.html

exports[`ClientTableRow > should match the snapshot 1`] = `<div />`;

exports[`ClientTableRowSkeleton > should match the snapshot 1`] = `
<div>
  <tr
    class="MuiTableRow-root css-1p72hwd-MuiTableRow-root"
  >
    <td
      class="MuiTableCell-root MuiTableCell-sizeMedium css-hxqovd-MuiTableCell-root"
    >
      <span
        class="MuiSkeleton-root MuiSkeleton-text MuiSkeleton-pulse css-1n7gpw1-MuiSkeleton-root"
        style="width: 440px;"
      />
    </td>
    <td
      class="MuiTableCell-root MuiTableCell-alignRight MuiTableCell-sizeMedium css-1mrogcl-MuiTableCell-root"
    >
      <span
        class="MuiSkeleton-root MuiSkeleton-rectangular MuiSkeleton-pulse css-1sfb4pw-MuiSkeleton-root"
        style="width: 100px; height: 40px;"
      />
      <span
        class="MuiBox-root css-1ljwlp4"
      >
        <span
          class="MuiSkeleton-root MuiSkeleton-rectangular MuiSkeleton-pulse css-xz33d6-MuiSkeleton-root"
          style="width: 4px;"
        />
      </span>
    </td>
  </tr>
</div>
`;
