// Vitest Snapshot v1, https://vitest.dev/guide/snapshot.html

exports[`AgreementRejectedMessageSection > should match the snapshot 1`] = `
<body>
  <div>
    <section
      class="MuiPaper-root MuiPaper-elevation MuiPaper-rounded MuiPaper-elevation1 css-1w5x330-MuiPaper-root"
    >
      <div
        class="css-1okj3ks-MuiStack-root"
      >
        <h2
          class="MuiTypography-root MuiTypography-overline css-b3fch5-MuiTypography-root"
        >
          title
        </h2>
        <span
          class="MuiTypography-root MuiTypography-caption css-ol7wxs-MuiTypography-root"
        >
          description
        </span>
      </div>
      <div
        class="MuiBox-root css-1yuhvjn"
      >
        <p
          class="MuiTypography-root MuiTypography-body1 css-ahj2mt-MuiTypography-root"
        >
          test
        </p>
      </div>
    </section>
  </div>
</body>
`;
