// Vitest Snapshot v1, https://vitest.dev/guide/snapshot.html

exports[`EServiceVersionHistorySection > should match the snapshot 1`] = `
<body>
  <div>
    <section
      class="MuiPaper-root MuiPaper-elevation MuiPaper-rounded MuiPaper-elevation1 css-1w5x330-MuiPaper-root"
    >
      <div
        class="css-1okj3ks-MuiStack-root"
      >
        <h2
          class="MuiTypography-root MuiTypography-overline css-b3fch5-MuiTypography-root"
        >
          title
        </h2>
      </div>
      <div
        class="MuiBox-root css-1yuhvjn"
      >
        <div
          class="css-19qjufr-MuiStack-root"
        >
          <div
            class="MuiBox-root css-iuqs4u"
          >
            <p
              class="MuiTypography-root MuiTypography-body2 css-e784if-MuiTypography-root"
            >
              historyField.title
            </p>
          </div>
          <div
            class="MuiBox-root css-1rr4qq7"
          >
            <div
              class="MuiTypography-root MuiTypography-body2 css-hoiwr4-MuiTypography-root"
            >
              <form
                class="MuiBox-root css-0"
                novalidate=""
              >
                <div
                  class="MuiFormControl-root MuiFormControl-fullWidth css-aiigof-MuiFormControl-root"
                >
                  <label
                    class="MuiFormLabel-root MuiInputLabel-root MuiInputLabel-formControl MuiInputLabel-animated MuiInputLabel-shrink MuiInputLabel-outlined MuiFormLabel-colorPrimary MuiFormLabel-filled MuiInputLabel-root MuiInputLabel-formControl MuiInputLabel-animated MuiInputLabel-shrink MuiInputLabel-outlined css-1sumxir-MuiFormLabel-root-MuiInputLabel-root"
                    data-shrink="true"
                    id="selectedDescriptorId-label"
                  >
                    historyField.label
                  </label>
                  <div
                    class="MuiInputBase-root MuiOutlinedInput-root MuiInputBase-colorPrimary MuiInputBase-formControl  css-1yk1gt9-MuiInputBase-root-MuiOutlinedInput-root-MuiSelect-root"
                  >
                    <div
                      aria-expanded="false"
                      aria-haspopup="listbox"
                      aria-labelledby="selectedDescriptorId-label mui-component-select-selectedDescriptorId"
                      class="MuiSelect-select MuiSelect-outlined MuiInputBase-input MuiOutlinedInput-input css-11u53oe-MuiSelect-select-MuiInputBase-input-MuiOutlinedInput-input"
                      id="mui-component-select-selectedDescriptorId"
                      role="button"
                      tabindex="0"
                    >
                      <span
                        class="notranslate"
                      >
                        ​
                      </span>
                    </div>
                    <input
                      aria-hidden="true"
                      class="MuiSelect-nativeInput css-yf8vq0-MuiSelect-nativeInput"
                      name="selectedDescriptorId"
                      tabindex="-1"
                      value="ec94e366-cbb2-4203-ac07-95acf5289a31"
                    />
                    <svg
                      aria-hidden="true"
                      class="MuiSvgIcon-root MuiSvgIcon-fontSizeMedium MuiSelect-icon MuiSelect-iconOutlined css-hfutr2-MuiSvgIcon-root-MuiSelect-icon"
                      data-testid="ArrowDropDownIcon"
                      focusable="false"
                      viewBox="0 0 24 24"
                    >
                      <path
                        d="M7 10l5 5 5-5z"
                      />
                    </svg>
                    <fieldset
                      aria-hidden="true"
                      class="MuiOutlinedInput-notchedOutline css-1d3z3hw-MuiOutlinedInput-notchedOutline"
                    >
                      <legend
                        class="css-14lo706"
                      >
                        <span>
                          historyField.label
                        </span>
                      </legend>
                    </fieldset>
                  </div>
                </div>
                <button
                  class="MuiButtonBase-root MuiButton-root MuiButton-outlined MuiButton-outlinedPrimary MuiButton-sizeLarge MuiButton-outlinedSizeLarge MuiButton-root MuiButton-outlined MuiButton-outlinedPrimary MuiButton-sizeLarge MuiButton-outlinedSizeLarge css-1vfi1qr-MuiButtonBase-root-MuiButton-root"
                  tabindex="0"
                  type="submit"
                >
                  submitBtn
                  <span
                    class="MuiTouchRipple-root css-8je8zh-MuiTouchRipple-root"
                  />
                </button>
              </form>
            </div>
          </div>
        </div>
      </div>
    </section>
  </div>
</body>
`;
